// Jest Snapshot v1, https://goo.gl/fbAQLP

exports[`Platformer renders without crashing 1`] = `
<div
  id="platformerContainer"
>
  <p>
    A work in progress writing a platform game using react. It's source can be found
     
    <a
      href="https://github.com/strongpauly/platformer"
    >
      here
    </a>
    .
  </p>
  <HiFrame
    src="https://platformer.potsides.com/platformer/index.html"
    title="platformer"
  />
</div>
`;
